// Jest Snapshot v1, https://goo.gl/fbAQLP

exports[`test sample component sample 1`] = `
<input
  placeholder="type in me..."
  type="text"
  value=""
/>
`;
